// Jest Snapshot v1, https://goo.gl/fbAQLP

exports[`should match the card snapshot 1`] = `[Function]`;
