// Jest Snapshot v1, https://goo.gl/fbAQLP

exports[`should match the carousel snapshot 1`] = `[Function]`;
